[gardenadentalgroup.com/index.html]
[backblue.gif]
[fade.gif]
[index.html]
[gardenadentalgroup.com/o,baseURI]
[gardenadentalgroup.com/GET]
[cdn-hemgh.nitrocdn.com/vcNlrUAKJnjjNHqdZLFEUvEMLHAGrvGh/assets/images/optimized/rev-f0965ef/gardenadentalgroup.com/wp-content/uploads/2023/02/texture.png]
[gardenadentalgroup.com/Edge/index.html]
[gardenadentalgroup.com/wp-json/wp/v2/pages/29.json]
[gardenadentalgroup.com/wp-json/index.html]
[gardenadentalgroup.com/feed/index.html]
[gardenadentalgroup.com/comments/feed/index.html]
[gardenadentalgroup.com/xmlrpc0db0.php]
[gardenadentalgroup.com/wp-json/oembed/1.0/embeda9f5.json]
[gardenadentalgroup.com/wp-json/oembed/1.0/embed9ac4]
[gardenadentalgroup.com/wp-content/uploads/2023/02/Gardena_Patient-Forms.pdf]
[gardenadentalgroup.com/about/index.html]
[gardenadentalgroup.com/survey.html]
[gardenadentalgroup.com/POST]
[gardenadentalgroup.com/all-on-4-implants/index.html]
[gardenadentalgroup.com/dental-bridge/index.html]
[gardenadentalgroup.com/technology/index.html]
[gardenadentalgroup.com/dental-crowns/index.html]
[gardenadentalgroup.com/dental-implants/index.html]
[gardenadentalgroup.com/dental-fillings/index.html]
[cdn-hemgh.nitrocdn.com/vcNlrUAKJnjjNHqdZLFEUvEMLHAGrvGh/assets/static/optimized/rev-2522cfc/gardenadentalgroup.com/wp-includes/js/jquery/nitro-min-f43b551b749a36845288913120943cc6.jquery.min.js]
[cdn-hemgh.nitrocdn.com/vcNlrUAKJnjjNHqdZLFEUvEMLHAGrvGh/assets/static/optimized/rev-2522cfc/gardenadentalgroup.com/wp-includes/js/jquery/nitro-min-558973c0fd98109493258c8470e94016.jquery-migrate.min.js]
[cdn-hemgh.nitrocdn.com/vcNlrUAKJnjjNHqdZLFEUvEMLHAGrvGh/assets/static/optimized/rev-2522cfc/gardenadentalgroup.com/wp-content/themes/gardena-child/assets/js/nitro-min-jquery.min.js]
[cdn-hemgh.nitrocdn.com/vcNlrUAKJnjjNHqdZLFEUvEMLHAGrvGh/assets/static/optimized/rev-2522cfc/gardenadentalgroup.com/wp-content/themes/gardena-child/assets/js/nitro-min-bootstrap.min.js]
[gardenadentalgroup.com/dental-veneers/index.html]
[cdn-hemgh.nitrocdn.com/vcNlrUAKJnjjNHqdZLFEUvEMLHAGrvGh/assets/static/optimized/rev-2522cfc/cdnjs.cloudflare.com/ajax/libs/slick-carousel/1.8.1/nitro-min-slick.min.js]
[gardenadentalgroup.com/dentures/index.html]
[cdn-hemgh.nitrocdn.com/vcNlrUAKJnjjNHqdZLFEUvEMLHAGrvGh/assets/static/optimized/rev-2522cfc/cdnjs.cloudflare.com/ajax/libs/jquery.inputmask/3.1.62/nitro-min-jquery.inputmask.bundle.js]
[cdn-hemgh.nitrocdn.com/vcNlrUAKJnjjNHqdZLFEUvEMLHAGrvGh/assets/static/optimized/rev-2522cfc/cdnjs.cloudflare.com/ajax/libs/owl-carousel/1.3.3/nitro-min-owl.carousel.min.js]
[gardenadentalgroup.com/emergency-dentist/index.html]
[cdn-hemgh.nitrocdn.com/vcNlrUAKJnjjNHqdZLFEUvEMLHAGrvGh/assets/static/optimized/rev-2522cfc/unpkg.com/swiper/nitro-min-swiper-bundle.min.js]
[cdn-hemgh.nitrocdn.com/vcNlrUAKJnjjNHqdZLFEUvEMLHAGrvGh/assets/static/optimized/rev-2522cfc/cdnjs.cloudflare.com/ajax/libs/Swiper/4.5.0/js/nitro-min-swiper.min.js]
[cdn-hemgh.nitrocdn.com/vcNlrUAKJnjjNHqdZLFEUvEMLHAGrvGh/assets/static/optimized/rev-2522cfc/gardenadentalgroup.com/combinedCss/nitro-min-noimport-c100a4ab56f0b3c44cf5c1aca1884b73-stylesheet.css]
[cdn-hemgh.nitrocdn.com/vcNlrUAKJnjjNHqdZLFEUvEMLHAGrvGh/assets/static/optimized/rev-2522cfc/gardenadentalgroup.com/combinedCss/nitro-min-noimport-11255d029dec8409abc5ba4da3717e75-stylesheet.css]
[gardenadentalgroup.com/family-dentistry/index.html]
[cdn-hemgh.nitrocdn.com/vcNlrUAKJnjjNHqdZLFEUvEMLHAGrvGh/assets/static/optimized/rev-2522cfc/gardenadentalgroup.com/combinedCss/nitro-min-noimport-7b5e807b741b307e59561c381b8b7fd3-stylesheet.css]
[gardenadentalgroup.com/index.html]
[gardenadentalgroup.com/o,baseURI.html]
[cdn-hemgh.nitrocdn.com/vcNlrUAKJnjjNHqdZLFEUvEMLHAGrvGh/assets/static/optimized/rev-2522cfc/gardenadentalgroup.com/externalFontFace/nitro-min-noimport-6b0258f48fb30118d6a9c6fa56ad9e92-stylesheet.css]
[gardenadentalgroup.com/GET.html]
[gardenadentalgroup.com/invisalign/index.html]
[gardenadentalgroup.com/Edge/index.html]
[gardenadentalgroup.com/night-guards/index.html]
[gardenadentalgroup.com/oral-cancer-screening/index.html]
[www.googletagmanager.com/gtm5445.html]
[gardenadentalgroup.com/root-canal/index.html]
[gardenadentalgroup.com/periodontal-maintenance/index.html]
[gardenadentalgroup.com/sedation-dentistry/index.html]
[gardenadentalgroup.com/about/o,baseURI]
[gardenadentalgroup.com/teeth-cleaning/index.html]
[gardenadentalgroup.com/sleep-apnea/index.html]
[gardenadentalgroup.com/about/GET]
[gardenadentalgroup.com/teeth-whitening/index.html]
[gardenadentalgroup.com/new-patient-specials/index.html]
[gardenadentalgroup.com/tooth-extraction/index.html]
[gardenadentalgroup.com/privacy-policy/index.html]
[gardenadentalgroup.com/blog/index.html]
[gardenadentalgroup.com/wp-json/wp/v2/pages/53.json]
[gardenadentalgroup.com/terms-conditions/index.html]
[cdn-hemgh.nitrocdn.com/vcNlrUAKJnjjNHqdZLFEUvEMLHAGrvGh/assets/static/optimized/rev-2522cfc/gardenadentalgroup.com/wp-content/themes/hello-elementor/assets/js/nitro-min-8a5471f88ca9c58e18cea05ebc9fe21a.hello-front]
[cdn-hemgh.nitrocdn.com/vcNlrUAKJnjjNHqdZLFEUvEMLHAGrvGh/assets/static/optimized/rev-2522cfc/gardenadentalgroup.com/wp-content/plugins/pojo-accessibility/assets/js/nitro-min-8a5471f88ca9c58e18cea05ebc9fe21a.app.min]
[cdn-hemgh.nitrocdn.com/vcNlrUAKJnjjNHqdZLFEUvEMLHAGrvGh/assets/static/optimized/rev-2522cfc/gardenadentalgroup.com/wp-content/themes/gardena-child/assets/js/nitro-min-9f313a94bd5cdab4f91df02fd20ab572.jquery.scroll]
[gardenadentalgroup.com/about/Edge/index.html]
[gardenadentalgroup.com/wp-json/oembed/1.0/embed00f5.json]
[gardenadentalgroup.com/wp-json/oembed/1.0/embed3723]
[gardenadentalgroup.com/dr-sanaz/index.html]
[gardenadentalgroup.com/dr-armen/index.html]
[gardenadentalgroup.com/dr-arvin/index.html]
[gardenadentalgroup.com/about/POST]
[cdn-hemgh.nitrocdn.com/vcNlrUAKJnjjNHqdZLFEUvEMLHAGrvGh/assets/static/optimized/rev-2522cfc/gardenadentalgroup.com/wp-includes/js/dist/vendor/nitro-min-2c7cef87d91a8c32817cef0915f9141b.wp-polyfill.min.js]
[gardenadentalgroup.com/dr-pedrum/index.html]
[cdn-hemgh.nitrocdn.com/vcNlrUAKJnjjNHqdZLFEUvEMLHAGrvGh/assets/static/optimized/rev-2522cfc/gardenadentalgroup.com/wp-includes/js/dist/nitro-min-2ebd25f3981adcd89e647172a1634381.hooks.min.js]
[cdn-hemgh.nitrocdn.com/vcNlrUAKJnjjNHqdZLFEUvEMLHAGrvGh/assets/static/optimized/rev-2522cfc/gardenadentalgroup.com/wp-includes/js/dist/nitro-min-f92fe2242090a4dd3a1e008a3309488c.i18n.min.js]
[cdn-hemgh.nitrocdn.com/vcNlrUAKJnjjNHqdZLFEUvEMLHAGrvGh/assets/static/optimized/rev-2522cfc/gardenadentalgroup.com/wp-includes/js/jquery/ui/nitro-min-3f14e9ae88f0336c658774ab6b2e8d39.core.min.js]
[cdn-hemgh.nitrocdn.com/vcNlrUAKJnjjNHqdZLFEUvEMLHAGrvGh/assets/static/optimized/rev-2522cfc/gardenadentalgroup.com/combinedCss/nitro-min-noimport-20ef05fead3ca26ae051168f409b400c-stylesheet.css]
[cdn-hemgh.nitrocdn.com/vcNlrUAKJnjjNHqdZLFEUvEMLHAGrvGh/assets/static/optimized/rev-2522cfc/gardenadentalgroup.com/wp-content/plugins/elementor-pro/assets/js/nitro-min-5d6300d2cf2d7771eb10b4cad0aad682.webpack-pro]
[gardenadentalgroup.com/about/index.html]
[cdn-hemgh.nitrocdn.com/vcNlrUAKJnjjNHqdZLFEUvEMLHAGrvGh/assets/static/optimized/rev-2522cfc/gardenadentalgroup.com/wp-content/plugins/elementor/assets/js/nitro-min-8864726b98ae0c0416683327ec781b08.webpack.runtime]
[cdn-hemgh.nitrocdn.com/vcNlrUAKJnjjNHqdZLFEUvEMLHAGrvGh/assets/static/optimized/rev-2522cfc/gardenadentalgroup.com/externalFontFace/nitro-min-noimport-4b66042fc58526a67892e361f47fb974-stylesheet.css]
[cdn-hemgh.nitrocdn.com/vcNlrUAKJnjjNHqdZLFEUvEMLHAGrvGh/assets/static/optimized/rev-2522cfc/gardenadentalgroup.com/wp-includes/js/dist/vendor/nitro-min-0226f3282db3ce4373a7476e57648ff4.wp-polyfill-inert.min.28.del]
[cdn-hemgh.nitrocdn.com/vcNlrUAKJnjjNHqdZLFEUvEMLHAGrvGh/assets/static/optimized/rev-2522cfc/gardenadentalgroup.com/wp-includes/js/dist/vendor/nitro-min-6c851c624cffd2a57d48dd6f4c743dfb.regenerator-runtime.min.29.d]
[cdn-hemgh.nitrocdn.com/vcNlrUAKJnjjNHqdZLFEUvEMLHAGrvGh/assets/static/optimized/rev-2522cfc/gardenadentalgroup.com/wp-content/plugins/elementor/assets/js/nitro-min-8864726b98ae0c0416683327ec781b08.frontend-modules]
[cdn-hemgh.nitrocdn.com/vcNlrUAKJnjjNHqdZLFEUvEMLHAGrvGh/assets/static/optimized/rev-2522cfc/gardenadentalgroup.com/wp-content/plugins/elementor-pro/assets/js/nitro-min-5d6300d2cf2d7771eb10b4cad0aad682.frontend.min]
[cdn-hemgh.nitrocdn.com/vcNlrUAKJnjjNHqdZLFEUvEMLHAGrvGh/assets/static/optimized/rev-2522cfc/gardenadentalgroup.com/wp-content/plugins/elementor/assets/lib/waypoints/nitro-min-05dab1e7174ef3cb7c002a1ae16cb972.waypo]
[cdn-hemgh.nitrocdn.com/vcNlrUAKJnjjNHqdZLFEUvEMLHAGrvGh/assets/static/optimized/rev-2522cfc/gardenadentalgroup.com/wp-content/plugins/elementor/assets/js/nitro-min-8864726b98ae0c0416683327ec781b08.frontend.min.30]
[cdn-hemgh.nitrocdn.com/vcNlrUAKJnjjNHqdZLFEUvEMLHAGrvGh/assets/static/optimized/rev-2522cfc/gardenadentalgroup.com/wp-content/plugins/elementor-pro/assets/js/nitro-min-5d6300d2cf2d7771eb10b4cad0aad682.elements-han]
[pro.fontawesome.com/releases/v6.0.0-beta3/css/all.css]
[cdn.jsdelivr.net/npm/bootstrap@5.1.3/dist/css/bootstrap.min.css]
[cdnjs.cloudflare.com/ajax/libs/owl-carousel/1.3.3/owl.carousel.min.css]
[unpkg.com/swiper/swiper-bundle.min.38.delayed]
[unpkg.com/swiper@11.0.5/swiper-bundle.min.css]
[cdnjs.cloudflare.com/ajax/libs/Swiper/4.5.0/css/swiper.min.css]
[cdnjs.cloudflare.com/ajax/libs/slick-carousel/1.8.1/slick1e39.css]
[cdnjs.cloudflare.com/ajax/libs/slick-carousel/1.8.1/slick-theme1e39.css]
[gardenadentalgroup.com/wp-includes/js/jquery/jquery.minf43b.js]
[gardenadentalgroup.com/wp-includes/js/jquery/jquery-migrate.min5589.js]
[gardenadentalgroup.com/wp-json/wp/v2/pages/102.json]
[gardenadentalgroup.com/wp-json/oembed/1.0/embed5544.json]
[gardenadentalgroup.com/wp-json/oembed/1.0/embede05f]
[gardenadentalgroup.com/wp-content/uploads/2023/05/team-img.jpg]
[gardenadentalgroup.com/wp-content/uploads/2023/02/vtach-greenct2.jpg]
[gardenadentalgroup.com/wp-content/uploads/2023/02/low-dose-xrays.jpg]
[gardenadentalgroup.com/wp-content/uploads/2023/02/itero-element-1.jpg]
[gardenadentalgroup.com/wp-content/uploads/2023/02/intra-oral.jpg]
[gardenadentalgroup.com/wp-content/uploads/2023/02/laser-dentistry.jpg]
[gardenadentalgroup.com/wp-content/uploads/2023/02/laser-cavity-detection.jpg]
[gardenadentalgroup.com/wp-content/uploads/2023/02/early-detection-oral-cancer.jpg]
[gardenadentalgroup.com/technology/POST]
[gardenadentalgroup.com/wp-content/themes/hello-elementor/assets/js/hello-frontend.min8a54.js]
[gardenadentalgroup.com/wp-content/plugins/pojo-accessibility/assets/js/app.min8a54.js]
[gardenadentalgroup.com/wp-content/plugins/elementor-pro/assets/js/webpack-pro.runtime.min5d63.js]
[gardenadentalgroup.com/wp-content/plugins/elementor/assets/js/webpack.runtime.min8864.js]
[gardenadentalgroup.com/wp-content/plugins/elementor/assets/js/frontend-modules.min8864.js]
[gardenadentalgroup.com/wp-includes/js/dist/vendor/wp-polyfill-inert.min0226.js]
[gardenadentalgroup.com/wp-includes/js/dist/vendor/regenerator-runtime.min6c85.js]
[gardenadentalgroup.com/wp-includes/js/dist/vendor/wp-polyfill.min2c7c.js]
[gardenadentalgroup.com/wp-includes/js/dist/hooks.min2ebd.js]
[gardenadentalgroup.com/wp-includes/js/dist/i18n.minf92f.js]
[gardenadentalgroup.com/wp-content/plugins/elementor-pro/assets/js/frontend.min5d63.js]
[gardenadentalgroup.com/wp-content/plugins/elementor/assets/lib/waypoints/waypoints.min05da.js]
[gardenadentalgroup.com/wp-includes/js/jquery/ui/core.min3f14.js]
[gardenadentalgroup.com/wp-content/plugins/elementor/assets/js/frontend.min8864.js]
[gardenadentalgroup.com/wp-content/plugins/elementor-pro/assets/js/elements-handlers.min5d63.js]
[gardenadentalgroup.com/wp-content/themes/gardena-child/assets/js/jquery.min.js]
[gardenadentalgroup.com/wp-content/themes/gardena-child/assets/js/bootstrap.min.js]
[gardenadentalgroup.com/wp-content/themes/gardena-child/assets/js/jquery.scrollbar9f31.js]
[cdnjs.cloudflare.com/ajax/libs/slick-carousel/1.8.1/slick.min.js]
[cdnjs.cloudflare.com/ajax/libs/jquery.inputmask/3.1.62/jquery.inputmask.bundle.js]
[cdnjs.cloudflare.com/ajax/libs/owl-carousel/1.3.3/owl.carousel.min.js]
[unpkg.com/swiper/swiper-bundle.min.72.delayed]
[unpkg.com/swiper@11.0.5/swiper-bundle.min.js]
[gardenadentalgroup.com/technology/index.html]
[cdnjs.cloudflare.com/ajax/libs/Swiper/4.5.0/js/swiper.min.js]
[gardenadentalgroup.com/wp-json/wp/v2/pages/134.json]
[gardenadentalgroup.com/wp-json/oembed/1.0/embedeafb.json]
[gardenadentalgroup.com/wp-json/oembed/1.0/embedb5a5]
[gardenadentalgroup.com/wp-content/uploads/2023/02/All-in-4.jpg]
[gardenadentalgroup.com/all-on-4-implants/POST]
[gardenadentalgroup.com/all-on-4-implants/index.html]
[gardenadentalgroup.com/wp-json/wp/v2/pages/231.json]
[gardenadentalgroup.com/wp-json/oembed/1.0/embedc8a0.json]
[gardenadentalgroup.com/wp-json/oembed/1.0/embedd5a1]
[gardenadentalgroup.com/wp-content/uploads/2023/02/dental-bridge.jpg]
[gardenadentalgroup.com/dental-bridge/POST]
[gardenadentalgroup.com/dental-bridge/index.html]
[gardenadentalgroup.com/wp-json/wp/v2/pages/242.json]
[gardenadentalgroup.com/wp-json/oembed/1.0/embedce67.json]
[gardenadentalgroup.com/wp-json/oembed/1.0/embed3b54]
[gardenadentalgroup.com/wp-content/uploads/2023/02/Dental-Crowns.jpg]
[gardenadentalgroup.com/dental-crowns/POST]
[gardenadentalgroup.com/dental-crowns/index.html]
[gardenadentalgroup.com/dental-fillings/o,baseURI]
[gardenadentalgroup.com/dental-fillings/GET]
[gardenadentalgroup.com/wp-json/wp/v2/pages/248.json]
[gardenadentalgroup.com/dental-fillings/Edge/index.html]
[gardenadentalgroup.com/wp-json/oembed/1.0/embedb6b0.json]
[gardenadentalgroup.com/wp-json/oembed/1.0/embed0a38]
[gardenadentalgroup.com/dental-fillings/POST]
[gardenadentalgroup.com/dental-fillings/index.html]
[cdn-hemgh.nitrocdn.com/vcNlrUAKJnjjNHqdZLFEUvEMLHAGrvGh/assets/static/optimized/rev-2522cfc/gardenadentalgroup.com/combinedCss/nitro-min-noimport-257fccf3698e5b694a1358dea33507e5-stylesheet.css]
[gardenadentalgroup.com/dental-implants/o,baseURI]
[gardenadentalgroup.com/dental-implants/GET]
[gardenadentalgroup.com/wp-json/wp/v2/pages/156.json]
[gardenadentalgroup.com/dental-implants/Edge/index.html]
[gardenadentalgroup.com/wp-json/oembed/1.0/embed54b5.json]
[gardenadentalgroup.com/wp-json/oembed/1.0/embed8082]
[gardenadentalgroup.com/dental-implants/POST]
[gardenadentalgroup.com/dental-implants/index.html]
[cdn-hemgh.nitrocdn.com/vcNlrUAKJnjjNHqdZLFEUvEMLHAGrvGh/assets/static/optimized/rev-2522cfc/gardenadentalgroup.com/combinedCss/nitro-min-noimport-9db1805eb103fe3a3741f4f83240ac61-stylesheet.css]
[gardenadentalgroup.com/wp-json/wp/v2/pages/205.json]
[gardenadentalgroup.com/wp-json/oembed/1.0/embedfa0b.json]
[gardenadentalgroup.com/wp-json/oembed/1.0/embeda5b3]
[gardenadentalgroup.com/wp-content/uploads/2023/02/Veneers.jpg]
[gardenadentalgroup.com/dental-veneers/POST]
[gardenadentalgroup.com/dental-veneers/index.html]
[gardenadentalgroup.com/wp-json/wp/v2/pages/221.json]
[gardenadentalgroup.com/wp-json/oembed/1.0/embedab20.json]
[gardenadentalgroup.com/wp-json/oembed/1.0/embed5ef1]
[gardenadentalgroup.com/wp-content/uploads/2023/02/Dentures.jpg]
[gardenadentalgroup.com/dentures/POST]
[gardenadentalgroup.com/dentures/index.html]
[gardenadentalgroup.com/wp-json/wp/v2/pages/254.json]
[gardenadentalgroup.com/wp-json/oembed/1.0/embeda928.json]
[gardenadentalgroup.com/wp-json/oembed/1.0/embedf0e9]
[gardenadentalgroup.com/emergency-dentist/POST]
[gardenadentalgroup.com/emergency-dentist/index.html]
[gardenadentalgroup.com/wp-json/wp/v2/pages/260.json]
[gardenadentalgroup.com/wp-json/oembed/1.0/embede36b.json]
[gardenadentalgroup.com/wp-json/oembed/1.0/embedd01f]
[gardenadentalgroup.com/wp-content/uploads/2023/02/Family-Dentistry.jpg]
[gardenadentalgroup.com/family-dentistry/POST]
[gardenadentalgroup.com/family-dentistry/index.html]
[gardenadentalgroup.com/wp-json/wp/v2/pages/267.json]
[gardenadentalgroup.com/wp-json/oembed/1.0/embed2c3d.json]
[gardenadentalgroup.com/wp-json/oembed/1.0/embedc2ea]
[gardenadentalgroup.com/wp-content/uploads/2023/02/Invalisign.jpg]
[gardenadentalgroup.com/invisalign/POST]
[gardenadentalgroup.com/invisalign/index.html]
[gardenadentalgroup.com/wp-json/wp/v2/pages/277.json]
[gardenadentalgroup.com/wp-json/oembed/1.0/embed0eb0.json]
[gardenadentalgroup.com/wp-json/oembed/1.0/embedafb1]
[gardenadentalgroup.com/wp-content/uploads/2023/02/Night-Guards.jpg]
[gardenadentalgroup.com/night-guards/POST]
[gardenadentalgroup.com/night-guards/index.html]
[gardenadentalgroup.com/wp-json/wp/v2/pages/294.json]
[gardenadentalgroup.com/wp-json/oembed/1.0/embed6a1c.json]
[gardenadentalgroup.com/wp-json/oembed/1.0/embed0514]
[gardenadentalgroup.com/wp-content/uploads/2023/02/Cancer-Screening.jpg]
[gardenadentalgroup.com/oral-cancer-screening/POST]
[gardenadentalgroup.com/oral-cancer-screening/index.html]
[gardenadentalgroup.com/wp-json/wp/v2/pages/304.json]
[gardenadentalgroup.com/wp-json/oembed/1.0/embed2bd3.json]
[gardenadentalgroup.com/wp-json/oembed/1.0/embed6422]
[gardenadentalgroup.com/wp-content/uploads/2023/02/Periodontal.jpg]
[gardenadentalgroup.com/periodontal-maintenance/POST]
[gardenadentalgroup.com/periodontal-maintenance/index.html]
[gardenadentalgroup.com/wp-json/wp/v2/pages/311.json]
[gardenadentalgroup.com/wp-json/oembed/1.0/embeda2fb.json]
[gardenadentalgroup.com/wp-json/oembed/1.0/embedf72c]
[gardenadentalgroup.com/wp-content/uploads/2023/02/Root-Canal.jpg]
[gardenadentalgroup.com/root-canal/POST]
[gardenadentalgroup.com/root-canal/index.html]
[gardenadentalgroup.com/wp-json/wp/v2/pages/318.json]
[gardenadentalgroup.com/wp-json/oembed/1.0/embed8908.json]
[gardenadentalgroup.com/wp-json/oembed/1.0/embede40a]
[gardenadentalgroup.com/wp-content/uploads/2023/02/Sedation.jpg]
[gardenadentalgroup.com/sedation-dentistry/POST]
[gardenadentalgroup.com/sedation-dentistry/index.html]
[gardenadentalgroup.com/wp-json/wp/v2/pages/323.json]
[gardenadentalgroup.com/wp-json/oembed/1.0/embed31a1.json]
[gardenadentalgroup.com/wp-json/oembed/1.0/embed91fb]
[gardenadentalgroup.com/wp-content/uploads/2023/02/Sleep-Apnea.jpg]
[gardenadentalgroup.com/sleep-apnea/POST]
[gardenadentalgroup.com/sleep-apnea/index.html]
[gardenadentalgroup.com/wp-json/wp/v2/pages/330.json]
[gardenadentalgroup.com/wp-json/oembed/1.0/embed25a2.json]
[gardenadentalgroup.com/wp-json/oembed/1.0/embedcce4]
[gardenadentalgroup.com/teeth-cleaning/POST]
[gardenadentalgroup.com/teeth-cleaning/index.html]
[gardenadentalgroup.com/wp-json/wp/v2/pages/345.json]
[gardenadentalgroup.com/wp-json/oembed/1.0/embeddd06.json]
[gardenadentalgroup.com/wp-json/oembed/1.0/embed06a1]
[gardenadentalgroup.com/wp-content/uploads/2023/02/Teeth-Whitening.jpg]
[gardenadentalgroup.com/teeth-whitening/POST]
[gardenadentalgroup.com/teeth-whitening/index.html]
[gardenadentalgroup.com/wp-json/wp/v2/pages/339.json]
[gardenadentalgroup.com/wp-json/oembed/1.0/embed2c4d.json]
[gardenadentalgroup.com/wp-json/oembed/1.0/embedb851]
[gardenadentalgroup.com/wp-content/uploads/2023/02/Tooth-Extraction.jpg]
[gardenadentalgroup.com/tooth-extraction/POST]
[gardenadentalgroup.com/tooth-extraction/index.html]
[gardenadentalgroup.com/new-patient-specials/o,baseURI]
[gardenadentalgroup.com/new-patient-specials/GET]
[cdn-hemgh.nitrocdn.com/vcNlrUAKJnjjNHqdZLFEUvEMLHAGrvGh/assets/images/optimized/rev-f0965ef/gardenadentalgroup.com/wp-content/uploads/2023/02/hearts.png]
[gardenadentalgroup.com/new-patient-specials/Edge/index.html]
[gardenadentalgroup.com/wp-json/wp/v2/pages/371.json]
[gardenadentalgroup.com/wp-json/oembed/1.0/embed8b8e.json]
[gardenadentalgroup.com/wp-json/oembed/1.0/embed104f]
[gardenadentalgroup.com/new-patient-specials/POST]
[gardenadentalgroup.com/new-patient-specials/index.html]
[cdn-hemgh.nitrocdn.com/vcNlrUAKJnjjNHqdZLFEUvEMLHAGrvGh/assets/static/optimized/rev-2522cfc/gardenadentalgroup.com/combinedCss/nitro-min-noimport-dc0c82ae12cb4f57287e16d0eb2c1568-stylesheet.css]
[gardenadentalgroup.com/wp-json/wp/v2/pages/690.json]
[gardenadentalgroup.com/wp-json/oembed/1.0/embed2438.json]
[gardenadentalgroup.com/wp-json/oembed/1.0/embed573c]
[gardenadentalgroup.com/wp-content/uploads/2023/11/blog-10.jpg]
[gardenadentalgroup.com/wp-content/uploads/2023/11/blog-11.jpg]
[gardenadentalgroup.com/brighten-your-smile-professional-teeth-whitening-in-gardena/index.html]
[gardenadentalgroup.com/wp-content/uploads/2023/11/blog-12.jpg]
[gardenadentalgroup.com/gum-disease-recognizing-the-signs-and-seeking-treatment-in-gardena/index.html]
[gardenadentalgroup.com/wp-content/uploads/2023/11/blog-14.jpg]
[gardenadentalgroup.com/enhancing-your-smile-with-cosmetic-dentistry-art-meets-science-in-gardena/index.html]
[gardenadentalgroup.com/wp-content/uploads/2023/11/blog-13.jpg]
[gardenadentalgroup.com/ready-when-you-need-us-emergency-dental-care-in-gardena/index.html]
[gardenadentalgroup.com/wp-content/uploads/2023/11/blog-15.jpg]
[gardenadentalgroup.com/navigating-root-canal-therapy-understanding-the-procedure-and-recovery/index.html]
[gardenadentalgroup.com/revolutionizing-smiles-with-dental-implants-a-permanent-solution-for-missing-teeth/index.html]
[gardenadentalgroup.com/blog/POST]
[gardenadentalgroup.com/blog/2/index.html]
[gardenadentalgroup.com/wp-includes/js/imagesloaded.minbb93.js]
[gardenadentalgroup.com/blog/index.html]
[gardenadentalgroup.com/blog/3/index.html]
[gardenadentalgroup.com/lp-asset/lp-images/favicon-1icon.png]
[maxcdn.bootstrapcdn.com/bootstrap/4.5.0/css/bootstrap.css]
[cdnjs.cloudflare.com/ajax/libs/font-awesome/5.11.2/css/all.css]
[stackpath.bootstrapcdn.com/font-awesome/4.7.0/css/font-awesome.min.css]
[code.jquery.com/jquery-1.12.4.min.js]
[ajax.googleapis.com/ajax/libs/jquery/1.10.2/jquery.min.js]
[gardenadentalgroup.com/thank-you.html]
[gardenadentalgroup.com/survey.html]
[gardenadentalgroup.com/POST.html]
[gardenadentalgroup.com/privacy-policy/o,baseURI]
[gardenadentalgroup.com/privacy-policy/GET]
[gardenadentalgroup.com/wp-json/wp/v2/pages/598.json]
[gardenadentalgroup.com/privacy-policy/Edge/index.html]
[gardenadentalgroup.com/wp-json/oembed/1.0/embed08b3.json]
[gardenadentalgroup.com/wp-json/oembed/1.0/embed2115]
[gardenadentalgroup.com/privacy-policy/POST]
[gardenadentalgroup.com/privacy-policy/index.html]
[cdn-hemgh.nitrocdn.com/vcNlrUAKJnjjNHqdZLFEUvEMLHAGrvGh/assets/static/optimized/rev-2522cfc/gardenadentalgroup.com/combinedCss/nitro-min-noimport-8ad9a71052faf33007a3bfbe428ed19f-stylesheet.css]
[gardenadentalgroup.com/terms-conditions/o,baseURI]
[gardenadentalgroup.com/terms-conditions/GET]
[gardenadentalgroup.com/wp-json/wp/v2/pages/620.json]
[gardenadentalgroup.com/terms-conditions/Edge/index.html]
[gardenadentalgroup.com/wp-json/oembed/1.0/embed8b72.json]
[gardenadentalgroup.com/wp-json/oembed/1.0/embeda95e]
[gardenadentalgroup.com/terms-conditions/POST]
[gardenadentalgroup.com/terms-conditions/index.html]
[cdn-hemgh.nitrocdn.com/vcNlrUAKJnjjNHqdZLFEUvEMLHAGrvGh/assets/static/optimized/rev-2522cfc/gardenadentalgroup.com/combinedCss/nitro-min-noimport-755027963f3d4b00742562336b94a15a-stylesheet.css]
[cdn-hemgh.nitrocdn.com/vcNlrUAKJnjjNHqdZLFEUvEMLHAGrvGh/assets/images/optimized/rev-f0965ef/cdnjs.cloudflare.com/ajax/libs/owl-carousel/1.3.3/grabbing.png]
[cdn-hemgh.nitrocdn.com/vcNlrUAKJnjjNHqdZLFEUvEMLHAGrvGh/assets/static/optimized/rev-2522cfc/gardenadentalgroup.com/combinedCss/nitro-min-noimport-c100a4ab56f0b3c44cf5c1aca1884b73-stylesheet.css]
[cdn-hemgh.nitrocdn.com/vcNlrUAKJnjjNHqdZLFEUvEMLHAGrvGh/assets/static/optimized/rev-2522cfc/gardenadentalgroup.com/combinedCss/nitro-min-noimport-11255d029dec8409abc5ba4da3717e75-stylesheet.css]
[cdn-hemgh.nitrocdn.com/vcNlrUAKJnjjNHqdZLFEUvEMLHAGrvGh/assets/images/optimized/rev-f0965ef/cdnjs.cloudflare.com/ajax/libs/slick-carousel/1.8.1/ajax-loader.gif]
[gardenadentalgroup.com/wp-content/uploads/2022/10/review_arrow2.svg]
[cdn-hemgh.nitrocdn.com/vcNlrUAKJnjjNHqdZLFEUvEMLHAGrvGh/assets/static/optimized/rev-2522cfc/gardenadentalgroup.com/combinedCss/nitro-min-noimport-7b5e807b741b307e59561c381b8b7fd3-stylesheet.css]
[gardenadentalgroup.com/wp-content/themes/gardena-child/fonts/AvenirLTStd-Light.woff2]
[gardenadentalgroup.com/wp-content/themes/gardena-child/fonts/AvenirLTStd-Roman.woff2]
[cdn-hemgh.nitrocdn.com/vcNlrUAKJnjjNHqdZLFEUvEMLHAGrvGh/assets/static/optimized/rev-2522cfc/gardenadentalgroup.com/externalFontFace/nitro-min-noimport-6b0258f48fb30118d6a9c6fa56ad9e92-stylesheet.css]
[gardenadentalgroup.com/about/o,baseURI.html]
[gardenadentalgroup.com/about/GET.html]
[gardenadentalgroup.com/about/Edge/index.html]
[gardenadentalgroup.com/index5fb3.html]
[gardenadentalgroup.com/wp-json/wp/v2/pages/439.json]
[gardenadentalgroup.com/wp-json/oembed/1.0/embedd8d6.json]
[gardenadentalgroup.com/wp-json/oembed/1.0/embed18ef]
[gardenadentalgroup.com/wp-content/uploads/2023/02/DrSanazresized.jpg]
[gardenadentalgroup.com/dr-sanaz/POST]
[gardenadentalgroup.com/dr-sanaz/index.html]
[gardenadentalgroup.com/wp-json/wp/v2/pages/452.json]
[gardenadentalgroup.com/wp-json/oembed/1.0/embed08eb.json]
[gardenadentalgroup.com/wp-json/oembed/1.0/embed247c]
[gardenadentalgroup.com/wp-content/uploads/2023/02/DrArmen.jpg]
[gardenadentalgroup.com/dr-armen/POST]
[gardenadentalgroup.com/dr-armen/index.html]
[gardenadentalgroup.com/wp-json/wp/v2/pages/453.json]
[gardenadentalgroup.com/wp-json/oembed/1.0/embed95c3.json]
[gardenadentalgroup.com/wp-json/oembed/1.0/embed3ccd]
[gardenadentalgroup.com/wp-content/uploads/2023/02/DrArvin.jpg]
[gardenadentalgroup.com/dr-arvin/POST]
[gardenadentalgroup.com/dr-arvin/index.html]
[gardenadentalgroup.com/wp-json/wp/v2/pages/454.json]
[gardenadentalgroup.com/wp-json/oembed/1.0/embedff2f.json]
[gardenadentalgroup.com/wp-json/oembed/1.0/embedf901]
[gardenadentalgroup.com/wp-content/uploads/2023/02/DrPedrum.jpg]
[gardenadentalgroup.com/dr-pedrum/POST]
[gardenadentalgroup.com/dr-pedrum/index.html]
[gardenadentalgroup.com/about/POST.html]
[cdn-hemgh.nitrocdn.com/vcNlrUAKJnjjNHqdZLFEUvEMLHAGrvGh/assets/static/optimized/rev-2522cfc/gardenadentalgroup.com/combinedCss/nitro-min-noimport-20ef05fead3ca26ae051168f409b400c-stylesheet.css]
[cdn-hemgh.nitrocdn.com/vcNlrUAKJnjjNHqdZLFEUvEMLHAGrvGh/assets/static/optimized/rev-2522cfc/gardenadentalgroup.com/externalFontFace/nitro-min-noimport-4b66042fc58526a67892e361f47fb974-stylesheet.css]
[gardenadentalgroup.com/wp-content/themes/gardena-child/assets/css/jquery.scrollbar9f31.css]
[pro.fontawesome.com/releases/v6.0.0-beta3/css/all.css]
[cdn.jsdelivr.net/npm/bootstrap@5.1.3/dist/css/bootstrap.min.css]
[cdnjs.cloudflare.com/ajax/libs/owl-carousel/1.3.3/grabbing.png]
[cdnjs.cloudflare.com/ajax/libs/owl-carousel/1.3.3/owl.carousel.min.css]
[unpkg.com/swiper@11.0.5/swiper-bundle.min.css]
[cdnjs.cloudflare.com/ajax/libs/Swiper/4.5.0/css/swiper.min.css]
[gardenadentalgroup.com/wp-includes/css/dist/block-library/style.min1e39.css]
[gardenadentalgroup.com/wp-content/themes/hello-elementor/style.min5b0a.css]
[gardenadentalgroup.com/wp-content/themes/hello-elementor/theme.min5b0a.css]
[gardenadentalgroup.com/wp-content/plugins/elementor/assets/css/frontend-lite.min8864.css]
[gardenadentalgroup.com/wp-content/uploads/elementor/css/post-5d886.css]
[gardenadentalgroup.com/wp-content/plugins/elementor/assets/css/modules/lazyload/frontend.min8864.css]
[gardenadentalgroup.com/wp-content/plugins/pojo-accessibility/assets/css/style.min8a54.css]
[gardenadentalgroup.com/wp-content/plugins/elementor/assets/lib/eicons/fonts/eicons9506.eot]
[gardenadentalgroup.com/wp-content/plugins/elementor/assets/lib/eicons/fonts/eicons9506.woff2]
[gardenadentalgroup.com/wp-content/plugins/elementor/assets/lib/eicons/fonts/eicons9506.woff]
[gardenadentalgroup.com/wp-content/plugins/elementor/assets/lib/eicons/fonts/eicons9506.ttf]
[gardenadentalgroup.com/wp-content/plugins/elementor/assets/lib/eicons/css/elementor-icons.min192d.css]
[gardenadentalgroup.com/wp-content/plugins/elementor/assets/lib/swiper/css/swiper.min48f5.css]
[gardenadentalgroup.com/wp-content/plugins/elementor-pro/assets/css/frontend-lite.min5d63.css]
[gardenadentalgroup.com/wp-content/uploads/elementor/css/globald886.css]
[gardenadentalgroup.com/wp-content/uploads/elementor/css/post-102d33c.css]
[gardenadentalgroup.com/wp-content/themes/gardena-child/assets/css/bootstrap.min1e39.css]
[cdnjs.cloudflare.com/ajax/libs/slick-carousel/1.8.1/slick1e39.css]
[cdnjs.cloudflare.com/ajax/libs/slick-carousel/1.8.1/ajax-loader.gif]
[cdnjs.cloudflare.com/ajax/libs/slick-carousel/1.8.1/fonts/slick.eot]
[cdnjs.cloudflare.com/ajax/libs/slick-carousel/1.8.1/fonts/slickd41d.eot]
[cdnjs.cloudflare.com/ajax/libs/slick-carousel/1.8.1/fonts/slick.woff]
[cdnjs.cloudflare.com/ajax/libs/slick-carousel/1.8.1/fonts/slick.ttf]
[cdnjs.cloudflare.com/ajax/libs/slick-carousel/1.8.1/fonts/slick.svg]
[cdnjs.cloudflare.com/ajax/libs/slick-carousel/1.8.1/slick-theme1e39.css]
[gardenadentalgroup.com/wp-content/uploads/2023/02/hearts.png]
[gardenadentalgroup.com/wp-content/uploads/2023/02/texture.png]
[gardenadentalgroup.com/wp-content/themes/gardena-child/style5b21.css]
[gardenadentalgroup.com/wp-content/themes/gardena-child/fonts/RecoletaAlt-Light.woff2]
[gardenadentalgroup.com/wp-content/themes/gardena-child/fonts/RecoletaAlt-Light.woff]
[gardenadentalgroup.com/wp-content/themes/gardena-child/fonts/RecoletaAlt-Regular.woff2]
[gardenadentalgroup.com/wp-content/themes/gardena-child/fonts/RecoletaAlt-Regular.woff]
[gardenadentalgroup.com/wp-content/themes/gardena-child/fonts/RecoletaAlt-Thin.woff2]
[gardenadentalgroup.com/wp-content/themes/gardena-child/fonts/RecoletaAlt-Thin.woff]
[gardenadentalgroup.com/wp-content/themes/gardena-child/fonts/RecoletaAlt-Medium.woff2]
[gardenadentalgroup.com/wp-content/themes/gardena-child/fonts/RecoletaAlt-Medium.woff]
[gardenadentalgroup.com/wp-content/themes/gardena-child/fonts/RecoletaAlt-SemiBold.woff2]
[gardenadentalgroup.com/wp-content/themes/gardena-child/fonts/RecoletaAlt-SemiBold.woff]
[gardenadentalgroup.com/wp-content/themes/gardena-child/fonts/RecoletaAlt-Bold.woff2]
[gardenadentalgroup.com/wp-content/themes/gardena-child/fonts/RecoletaAlt-Bold.woff]
[gardenadentalgroup.com/wp-content/themes/gardena-child/fonts/RecoletaAlt-Black.woff2]
[gardenadentalgroup.com/wp-content/themes/gardena-child/fonts/RecoletaAlt-Black.woff]
[gardenadentalgroup.com/wp-content/themes/gardena-child/fonts/Avenir-Heavy.woff2]
[gardenadentalgroup.com/wp-content/themes/gardena-child/fonts/Avenir-Heavy.woff]
[gardenadentalgroup.com/wp-content/themes/gardena-child/fonts/Avenir-Medium.woff2]
[gardenadentalgroup.com/wp-content/themes/gardena-child/fonts/Avenir-Medium.woff]
[gardenadentalgroup.com/wp-content/themes/gardena-child/fonts/Avenir-Regular.woff2]
[gardenadentalgroup.com/wp-content/themes/gardena-child/fonts/Avenir-Regular.woff]
[gardenadentalgroup.com/wp-content/themes/gardena-child/fonts/AvenirLTStd-Light.woff]
[gardenadentalgroup.com/wp-content/themes/gardena-child/fonts/AvenirLTStd-Roman.woff]
[gardenadentalgroup.com/wp-content/themes/gardena-child/stylesheet5b21.css]
[gardenadentalgroup.com/indexc5eb.html]
[gardenadentalgroup.com/wp-content/uploads/2023/02/favicon.svg]
[gardenadentalgroup.com/wp-content/uploads/2023/02/logo.svg]
[gardenadentalgroup.com/wp-content/uploads/2023/02/white-logo.svg]
[gardenadentalgroup.com/technology/POST.html]
[gardenadentalgroup.com/wp-content/uploads/elementor/css/post-134ccd1.css]
[gardenadentalgroup.com/index47f2.html]
[gardenadentalgroup.com/all-on-4-implants/POST.html]
[gardenadentalgroup.com/wp-content/uploads/elementor/css/post-2316862.css]
[gardenadentalgroup.com/index9873.html]
[gardenadentalgroup.com/dental-bridge/POST.html]
[gardenadentalgroup.com/wp-content/uploads/elementor/css/post-242d76e.css]
[gardenadentalgroup.com/indexa8b8.html]
[gardenadentalgroup.com/dental-crowns/POST.html]
[gardenadentalgroup.com/dental-fillings/o,baseURI.html]
[gardenadentalgroup.com/dental-fillings/GET.html]
[gardenadentalgroup.com/dental-fillings/Edge/index.html]
[gardenadentalgroup.com/indexcf9a.html]
[gardenadentalgroup.com/dental-fillings/POST.html]
[cdn-hemgh.nitrocdn.com/vcNlrUAKJnjjNHqdZLFEUvEMLHAGrvGh/assets/static/optimized/rev-2522cfc/gardenadentalgroup.com/combinedCss/nitro-min-noimport-257fccf3698e5b694a1358dea33507e5-stylesheet.css]
[gardenadentalgroup.com/dental-implants/o,baseURI.html]
[gardenadentalgroup.com/dental-implants/GET.html]
[gardenadentalgroup.com/dental-implants/Edge/index.html]
[gardenadentalgroup.com/indexd1a7.html]
[gardenadentalgroup.com/dental-implants/POST.html]
[cdn-hemgh.nitrocdn.com/vcNlrUAKJnjjNHqdZLFEUvEMLHAGrvGh/assets/static/optimized/rev-2522cfc/gardenadentalgroup.com/combinedCss/nitro-min-noimport-9db1805eb103fe3a3741f4f83240ac61-stylesheet.css]
[gardenadentalgroup.com/wp-content/uploads/elementor/css/post-2051046.css]
[gardenadentalgroup.com/indexc140.html]
[gardenadentalgroup.com/dental-veneers/POST.html]
[gardenadentalgroup.com/wp-content/uploads/elementor/css/post-221de81.css]
[gardenadentalgroup.com/indexd5db.html]
[gardenadentalgroup.com/dentures/POST.html]
[gardenadentalgroup.com/wp-content/uploads/elementor/css/post-2540c71.css]
[gardenadentalgroup.com/index6233.html]
[gardenadentalgroup.com/emergency-dentist/POST.html]
[gardenadentalgroup.com/wp-content/uploads/elementor/css/post-2605a96.css]
[gardenadentalgroup.com/index8e1b.html]
[gardenadentalgroup.com/family-dentistry/POST.html]
[gardenadentalgroup.com/wp-content/uploads/elementor/css/post-267ca31.css]
[gardenadentalgroup.com/index3786.html]
[gardenadentalgroup.com/invisalign/POST.html]
[gardenadentalgroup.com/wp-content/uploads/elementor/css/post-2774285.css]
[gardenadentalgroup.com/index9076.html]
[gardenadentalgroup.com/night-guards/POST.html]
[gardenadentalgroup.com/wp-content/uploads/elementor/css/post-2944285.css]
[gardenadentalgroup.com/indexe2aa.html]
[gardenadentalgroup.com/oral-cancer-screening/POST.html]
[gardenadentalgroup.com/wp-content/uploads/elementor/css/post-3049e50.css]
[gardenadentalgroup.com/indexdd01.html]
[gardenadentalgroup.com/periodontal-maintenance/POST.html]
[gardenadentalgroup.com/wp-content/uploads/elementor/css/post-3117bd3.css]
[gardenadentalgroup.com/index2e31.html]
[gardenadentalgroup.com/root-canal/POST.html]
[gardenadentalgroup.com/wp-content/uploads/elementor/css/post-318a19e.css]
[gardenadentalgroup.com/indexcb8c.html]
[gardenadentalgroup.com/sedation-dentistry/POST.html]
[gardenadentalgroup.com/wp-content/uploads/elementor/css/post-3232753.css]
[gardenadentalgroup.com/index3cee.html]
[gardenadentalgroup.com/sleep-apnea/POST.html]
[gardenadentalgroup.com/wp-content/uploads/elementor/css/post-33014a4.css]
[gardenadentalgroup.com/index1639.html]
[gardenadentalgroup.com/teeth-cleaning/POST.html]
[gardenadentalgroup.com/wp-content/uploads/elementor/css/post-3455c5a.css]
[gardenadentalgroup.com/index50ca.html]
[gardenadentalgroup.com/teeth-whitening/POST.html]
[gardenadentalgroup.com/wp-content/uploads/elementor/css/post-3395d67.css]
[gardenadentalgroup.com/indexb247.html]
[gardenadentalgroup.com/tooth-extraction/POST.html]
[gardenadentalgroup.com/new-patient-specials/o,baseURI.html]
[gardenadentalgroup.com/new-patient-specials/GET.html]
[gardenadentalgroup.com/new-patient-specials/Edge/index.html]
[gardenadentalgroup.com/index9f0a.html]
[gardenadentalgroup.com/new-patient-specials/POST.html]
[cdn-hemgh.nitrocdn.com/vcNlrUAKJnjjNHqdZLFEUvEMLHAGrvGh/assets/static/optimized/rev-2522cfc/gardenadentalgroup.com/combinedCss/nitro-min-noimport-dc0c82ae12cb4f57287e16d0eb2c1568-stylesheet.css]
[gardenadentalgroup.com/wp-content/uploads/elementor/css/post-6907310.css]
[gardenadentalgroup.com/index77b4.html]
[gardenadentalgroup.com/wp-content/plugins/elementor-pro/assets/css/widget-posts.min.css]
[gardenadentalgroup.com/wp-json/wp/v2/posts/726.json]
[gardenadentalgroup.com/brighten-your-smile-professional-teeth-whitening-in-gardena/feed/index.html]
[gardenadentalgroup.com/wp-json/oembed/1.0/embed1b45.json]
[gardenadentalgroup.com/wp-json/oembed/1.0/embedeeca]
[gardenadentalgroup.com/brighten-your-smile-professional-teeth-whitening-in-gardena/POST]
[gardenadentalgroup.com/brighten-your-smile-professional-teeth-whitening-in-gardena/index.html]
[gardenadentalgroup.com/wp-json/wp/v2/posts/729.json]
[gardenadentalgroup.com/enhancing-your-smile-with-cosmetic-dentistry-art-meets-science-in-gardena/feed/index.html]
[gardenadentalgroup.com/wp-json/oembed/1.0/embeda714.json]
[gardenadentalgroup.com/wp-json/oembed/1.0/embed2b80]
[gardenadentalgroup.com/enhancing-your-smile-with-cosmetic-dentistry-art-meets-science-in-gardena/POST]
[gardenadentalgroup.com/enhancing-your-smile-with-cosmetic-dentistry-art-meets-science-in-gardena/index.html]
[gardenadentalgroup.com/wp-json/wp/v2/posts/733.json]
[gardenadentalgroup.com/gum-disease-recognizing-the-signs-and-seeking-treatment-in-gardena/feed/index.html]
[gardenadentalgroup.com/wp-json/oembed/1.0/embed1b40.json]
[gardenadentalgroup.com/wp-json/oembed/1.0/embedc9ed]
[gardenadentalgroup.com/gum-disease-recognizing-the-signs-and-seeking-treatment-in-gardena/POST]
[gardenadentalgroup.com/gum-disease-recognizing-the-signs-and-seeking-treatment-in-gardena/index.html]
[gardenadentalgroup.com/wp-json/wp/v2/posts/739.json]
[gardenadentalgroup.com/ready-when-you-need-us-emergency-dental-care-in-gardena/feed/index.html]
[gardenadentalgroup.com/wp-json/oembed/1.0/embed4316.json]
[gardenadentalgroup.com/wp-json/oembed/1.0/embedca0c]
[gardenadentalgroup.com/ready-when-you-need-us-emergency-dental-care-in-gardena/POST]
[gardenadentalgroup.com/ready-when-you-need-us-emergency-dental-care-in-gardena/index.html]
[gardenadentalgroup.com/wp-json/wp/v2/posts/736.json]
[gardenadentalgroup.com/navigating-root-canal-therapy-understanding-the-procedure-and-recovery/feed/index.html]
[gardenadentalgroup.com/wp-json/oembed/1.0/embed4cf3.json]
[gardenadentalgroup.com/wp-json/oembed/1.0/embed53a6]
[gardenadentalgroup.com/navigating-root-canal-therapy-understanding-the-procedure-and-recovery/POST]
[gardenadentalgroup.com/navigating-root-canal-therapy-understanding-the-procedure-and-recovery/index.html]
[gardenadentalgroup.com/wp-json/wp/v2/posts/742.json]
[gardenadentalgroup.com/revolutionizing-smiles-with-dental-implants-a-permanent-solution-for-missing-teeth/feed/index.html]
[gardenadentalgroup.com/wp-json/oembed/1.0/embed8a86.json]
[gardenadentalgroup.com/wp-json/oembed/1.0/embedb81d]
[gardenadentalgroup.com/revolutionizing-smiles-with-dental-implants-a-permanent-solution-for-missing-teeth/POST]
[gardenadentalgroup.com/revolutionizing-smiles-with-dental-implants-a-permanent-solution-for-missing-teeth/index.html]
[gardenadentalgroup.com/wp-content/uploads/2023/11/blog-16.jpg]
[gardenadentalgroup.com/wp-content/uploads/2023/11/blog-18.jpg]
[gardenadentalgroup.com/the-essential-guide-to-regular-dental-check-ups-why-theyre-vital-for-your-oral-health/index.html]
[gardenadentalgroup.com/wp-content/uploads/2023/11/blog-17.jpg]
[gardenadentalgroup.com/straightening-your-smile-with-invisalign-the-clear-choice-in-gardena/index.html]
[gardenadentalgroup.com/wp-content/uploads/2023/09/blog-5-scaled.jpg]
[gardenadentalgroup.com/the-surprising-connection-between-oral-health-and-overall-wellness/index.html]
[gardenadentalgroup.com/understanding-dental-fillings-types-procedures-and-care/index.html]
[gardenadentalgroup.com/wp-content/uploads/2023/09/blog-6-scaled.jpg]
[gardenadentalgroup.com/wp-content/uploads/2023/09/blog-9-scaled.jpg]
[gardenadentalgroup.com/rediscover-comfort-and-functionality-with-dentures-at-gardena-dental-group/index.html]
[gardenadentalgroup.com/revitalize-your-smile-with-full-arch-dental-implants-at-gardena-dental-group/index.html]
[gardenadentalgroup.com/blog/2/POST]
[gardenadentalgroup.com/blog/2/index.html]
[gardenadentalgroup.com/wp-content/uploads/2023/09/blog-4-scaled.jpg]
[gardenadentalgroup.com/wp-content/uploads/2023/09/blog-3-scaled.jpg]
[gardenadentalgroup.com/transform-your-smile-with-veneers-at-gardena-dental-group/index.html]
[gardenadentalgroup.com/your-lifeline-in-dental-crises-emergency-dentistry-at-gardena-dental-group/index.html]
[gardenadentalgroup.com/wp-content/uploads/2023/09/blog-8-scaled.jpg]
[gardenadentalgroup.com/wp-content/uploads/2023/09/blog-1-scaled.jpg]
[gardenadentalgroup.com/rediscover-your-smile-with-dental-implants-at-gardena-dental-group/index.html]
[gardenadentalgroup.com/5-unbeatable-benefits-of-regular-dental-check-ups-at-gardena-dental-group/index.html]
[gardenadentalgroup.com/blog/3/POST]
[gardenadentalgroup.com/blog/3/index.html]
[gardenadentalgroup.com/blog/POST.html]
[maxcdn.bootstrapcdn.com/bootstrap/4.5.0/css/bootstrap.css]
[cdnjs.cloudflare.com/ajax/libs/font-awesome/5.11.2/css/all.css]
[stackpath.bootstrapcdn.com/font-awesome/4.7.0/css/font-awesome.min.css]
[gardenadentalgroup.com/lp-asset/survey2.css]
[gardenadentalgroup.com/lp-asset/lp-images/logo-new.svg]
[maxcdn.bootstrapcdn.com/bootstrap/3.3.7/css/bootstrap.min.css]
[maxcdn.bootstrapcdn.com/bootstrap/3.3.7/css/bootstrap-theme.min.css]
[gardenadentalgroup.com/thank-you.html]
[gardenadentalgroup.com/privacy-policy/o,baseURI.html]
[gardenadentalgroup.com/privacy-policy/GET.html]
[gardenadentalgroup.com/privacy-policy/Edge/index.html]
[gardenadentalgroup.com/index424e.html]
[gardenadentalgroup.com/privacy-policy/POST.html]
[cdn-hemgh.nitrocdn.com/vcNlrUAKJnjjNHqdZLFEUvEMLHAGrvGh/assets/static/optimized/rev-2522cfc/gardenadentalgroup.com/combinedCss/nitro-min-noimport-8ad9a71052faf33007a3bfbe428ed19f-stylesheet.css]
[gardenadentalgroup.com/terms-conditions/o,baseURI.html]
[gardenadentalgroup.com/terms-conditions/GET.html]
[gardenadentalgroup.com/terms-conditions/Edge/index.html]
[gardenadentalgroup.com/index2c3d.html]
[gardenadentalgroup.com/terms-conditions/POST.html]
[cdn-hemgh.nitrocdn.com/vcNlrUAKJnjjNHqdZLFEUvEMLHAGrvGh/assets/static/optimized/rev-2522cfc/gardenadentalgroup.com/combinedCss/nitro-min-noimport-755027963f3d4b00742562336b94a15a-stylesheet.css]
[gardenadentalgroup.com/wp-content/uploads/2022/10/review_arrow2.html]
[gardenadentalgroup.com/wp-content/themes/gardena-child/fonts/AvenirLTStd-Light.html]
[gardenadentalgroup.com/wp-content/themes/gardena-child/fonts/AvenirLTStd-Roman.html]
[gardenadentalgroup.com/wp-content/uploads/elementor/css/post-439dd4c.css]
[gardenadentalgroup.com/indexfcc0.html]
[gardenadentalgroup.com/dr-sanaz/POST.html]
[gardenadentalgroup.com/wp-content/uploads/elementor/css/post-45249af.css]
[gardenadentalgroup.com/index20a4.html]
[gardenadentalgroup.com/dr-armen/POST.html]
[gardenadentalgroup.com/wp-content/uploads/elementor/css/post-4530449.css]
[gardenadentalgroup.com/index06d3.html]
[gardenadentalgroup.com/dr-arvin/POST.html]
[gardenadentalgroup.com/wp-content/uploads/elementor/css/post-45407eb.css]
[gardenadentalgroup.com/index6353.html]
[gardenadentalgroup.com/dr-pedrum/POST.html]
[gardenadentalgroup.com/wp-content/plugins/elementor/assets/lib/eicons/fonts/eicons9506.svg]
[cdnjs.cloudflare.com/ajax/libs/slick-carousel/1.8.1/fonts/slick.svg]
[gardenadentalgroup.com/wp-content/uploads/2023/02/white-call-icon.svg]
[gardenadentalgroup.com/wp-content/uploads/2023/02/location.svg]
[gardenadentalgroup.com/wp-content/themes/gardena-child/fonts/AvenirLTStd-Light-2.html]
[gardenadentalgroup.com/wp-content/themes/gardena-child/fonts/AvenirLTStd-Roman-2.html]
[gardenadentalgroup.com/index23a8.html]
[gardenadentalgroup.com/brighten-your-smile-professional-teeth-whitening-in-gardena/POST.html]
[gardenadentalgroup.com/index66f9.html]
[gardenadentalgroup.com/enhancing-your-smile-with-cosmetic-dentistry-art-meets-science-in-gardena/POST.html]
[gardenadentalgroup.com/index2531.html]
[gardenadentalgroup.com/gum-disease-recognizing-the-signs-and-seeking-treatment-in-gardena/POST.html]
[gardenadentalgroup.com/index5e3b.html]
[gardenadentalgroup.com/ready-when-you-need-us-emergency-dental-care-in-gardena/POST.html]
[gardenadentalgroup.com/indexdd7c.html]
[gardenadentalgroup.com/navigating-root-canal-therapy-understanding-the-procedure-and-recovery/POST.html]
[gardenadentalgroup.com/indexe0d2.html]
[gardenadentalgroup.com/revolutionizing-smiles-with-dental-implants-a-permanent-solution-for-missing-teeth/POST.html]
[gardenadentalgroup.com/wp-json/wp/v2/posts/748.json]
[gardenadentalgroup.com/the-essential-guide-to-regular-dental-check-ups-why-theyre-vital-for-your-oral-health/feed/index.html]
[gardenadentalgroup.com/wp-json/oembed/1.0/embed17d8.json]
[gardenadentalgroup.com/wp-json/oembed/1.0/embeda0c1]
[gardenadentalgroup.com/the-essential-guide-to-regular-dental-check-ups-why-theyre-vital-for-your-oral-health/POST]
[gardenadentalgroup.com/the-essential-guide-to-regular-dental-check-ups-why-theyre-vital-for-your-oral-health/index.html]
[gardenadentalgroup.com/wp-json/wp/v2/posts/745.json]
[gardenadentalgroup.com/straightening-your-smile-with-invisalign-the-clear-choice-in-gardena/feed/index.html]
[gardenadentalgroup.com/wp-json/oembed/1.0/embed5a42.json]
[gardenadentalgroup.com/wp-json/oembed/1.0/embed9230]
[gardenadentalgroup.com/straightening-your-smile-with-invisalign-the-clear-choice-in-gardena/POST]
[gardenadentalgroup.com/straightening-your-smile-with-invisalign-the-clear-choice-in-gardena/index.html]
[gardenadentalgroup.com/wp-json/wp/v2/posts/751.json]
[gardenadentalgroup.com/the-surprising-connection-between-oral-health-and-overall-wellness/feed/index.html]
[gardenadentalgroup.com/wp-json/oembed/1.0/embed2058.json]
[gardenadentalgroup.com/wp-json/oembed/1.0/embed38be]
[gardenadentalgroup.com/the-surprising-connection-between-oral-health-and-overall-wellness/POST]
[gardenadentalgroup.com/the-surprising-connection-between-oral-health-and-overall-wellness/index.html]
[gardenadentalgroup.com/wp-json/wp/v2/posts/754.json]
[gardenadentalgroup.com/understanding-dental-fillings-types-procedures-and-care/feed/index.html]
[gardenadentalgroup.com/wp-json/oembed/1.0/embed01ac.json]
[gardenadentalgroup.com/wp-json/oembed/1.0/embed8fa8]
[gardenadentalgroup.com/understanding-dental-fillings-types-procedures-and-care/POST]
[gardenadentalgroup.com/understanding-dental-fillings-types-procedures-and-care/index.html]
[gardenadentalgroup.com/wp-json/wp/v2/posts/672.json]
[gardenadentalgroup.com/rediscover-comfort-and-functionality-with-dentures-at-gardena-dental-group/feed/index.html]
[gardenadentalgroup.com/wp-json/oembed/1.0/embedd1bb.json]
[gardenadentalgroup.com/wp-json/oembed/1.0/embedaa20]
[gardenadentalgroup.com/rediscover-comfort-and-functionality-with-dentures-at-gardena-dental-group/POST]
[gardenadentalgroup.com/rediscover-comfort-and-functionality-with-dentures-at-gardena-dental-group/index.html]
[gardenadentalgroup.com/wp-json/wp/v2/posts/669.json]
[gardenadentalgroup.com/revitalize-your-smile-with-full-arch-dental-implants-at-gardena-dental-group/feed/index.html]
[gardenadentalgroup.com/wp-json/oembed/1.0/embedc18c.json]
[gardenadentalgroup.com/wp-json/oembed/1.0/embed9eab]
[gardenadentalgroup.com/revitalize-your-smile-with-full-arch-dental-implants-at-gardena-dental-group/POST]
[gardenadentalgroup.com/revitalize-your-smile-with-full-arch-dental-implants-at-gardena-dental-group/index.html]
[gardenadentalgroup.com/blog/2/POST.html]
[gardenadentalgroup.com/wp-json/wp/v2/posts/666.json]
[gardenadentalgroup.com/transform-your-smile-with-veneers-at-gardena-dental-group/feed/index.html]
[gardenadentalgroup.com/wp-json/oembed/1.0/embed9d40.json]
[gardenadentalgroup.com/wp-json/oembed/1.0/embeda86b]
[gardenadentalgroup.com/transform-your-smile-with-veneers-at-gardena-dental-group/POST]
[gardenadentalgroup.com/transform-your-smile-with-veneers-at-gardena-dental-group/index.html]
[gardenadentalgroup.com/wp-json/wp/v2/posts/663.json]
[gardenadentalgroup.com/your-lifeline-in-dental-crises-emergency-dentistry-at-gardena-dental-group/feed/index.html]
[gardenadentalgroup.com/wp-json/oembed/1.0/embed446a.json]
[gardenadentalgroup.com/wp-json/oembed/1.0/embedc2a8]
[gardenadentalgroup.com/your-lifeline-in-dental-crises-emergency-dentistry-at-gardena-dental-group/POST]
[gardenadentalgroup.com/your-lifeline-in-dental-crises-emergency-dentistry-at-gardena-dental-group/index.html]
[gardenadentalgroup.com/wp-json/wp/v2/posts/656.json]
[gardenadentalgroup.com/rediscover-your-smile-with-dental-implants-at-gardena-dental-group/feed/index.html]
[gardenadentalgroup.com/wp-json/oembed/1.0/embed5722.json]
[gardenadentalgroup.com/wp-json/oembed/1.0/embeded69]
[gardenadentalgroup.com/rediscover-your-smile-with-dental-implants-at-gardena-dental-group/POST]
[gardenadentalgroup.com/rediscover-your-smile-with-dental-implants-at-gardena-dental-group/index.html]
[gardenadentalgroup.com/wp-json/wp/v2/posts/651.json]
[gardenadentalgroup.com/5-unbeatable-benefits-of-regular-dental-check-ups-at-gardena-dental-group/feed/index.html]
[gardenadentalgroup.com/wp-json/oembed/1.0/embeda363.json]
[gardenadentalgroup.com/wp-json/oembed/1.0/embedc7da]
[gardenadentalgroup.com/5-unbeatable-benefits-of-regular-dental-check-ups-at-gardena-dental-group/POST]
[gardenadentalgroup.com/5-unbeatable-benefits-of-regular-dental-check-ups-at-gardena-dental-group/index.html]
[gardenadentalgroup.com/blog/3/POST.html]
[maxcdn.bootstrapcdn.com/bootstrap/3.3.7/css/bootstrap.min.css]
[maxcdn.bootstrapcdn.com/bootstrap/3.3.7/css/bootstrap-theme.min.css]
[gardenadentalgroup.com/fonts/Montserrat/montserrat-v14-latin-100.eot]
[gardenadentalgroup.com/lp-asset/fonts/Montserrat/montserrat-v14-latin-100d41d.eot]
[gardenadentalgroup.com/lp-asset/fonts/Montserrat/montserrat-v14-latin-100.woff2]
[gardenadentalgroup.com/lp-asset/fonts/Montserrat/montserrat-v14-latin-100.woff]
[gardenadentalgroup.com/lp-asset/fonts/Montserrat/montserrat-v14-latin-100.ttf]
[gardenadentalgroup.com/lp-asset/fonts/Montserrat/montserrat-v14-latin-100.svg]
[gardenadentalgroup.com/fonts/Montserrat/montserrat-v14-latin-200.eot]
[gardenadentalgroup.com/fonts/Montserrat/montserrat-v14-latin-200d41d.eot]
[gardenadentalgroup.com/fonts/Montserrat/montserrat-v14-latin-200.woff2]
[gardenadentalgroup.com/fonts/Montserrat/montserrat-v14-latin-200.woff]
[gardenadentalgroup.com/lp-asset/fonts/Montserrat/montserrat-v14-latin-200.ttf]
[gardenadentalgroup.com/lp-asset/fonts/Montserrat/montserrat-v14-latin-200.svg]
[gardenadentalgroup.com/fonts/Montserrat/montserrat-v14-latin-300.eot]
[gardenadentalgroup.com/fonts/Montserrat/montserrat-v14-latin-300d41d.eot]
[gardenadentalgroup.com/fonts/Montserrat/montserrat-v14-latin-300.woff2]
[gardenadentalgroup.com/fonts/Montserrat/montserrat-v14-latin-300.woff]
[gardenadentalgroup.com/fonts/Montserrat/montserrat-v14-latin-300.ttf]
[gardenadentalgroup.com/fonts/Montserrat/montserrat-v14-latin-300.svg]
[gardenadentalgroup.com/fonts/Montserrat/montserrat-v14-latin-regular.eot]
[gardenadentalgroup.com/fonts/Montserrat/montserrat-v14-latin-regulard41d.eot]
[gardenadentalgroup.com/fonts/Montserrat/montserrat-v14-latin-regular.woff2]
[gardenadentalgroup.com/fonts/Montserrat/montserrat-v14-latin-regular.woff]
[gardenadentalgroup.com/fonts/Montserrat/montserrat-v14-latin-regular.ttf]
[gardenadentalgroup.com/fonts/Montserrat/montserrat-v14-latin-regular.svg]
[gardenadentalgroup.com/fonts/Montserrat/montserrat-v14-latin-500.eot]
[gardenadentalgroup.com/fonts/Montserrat/montserrat-v14-latin-500d41d.eot]
[gardenadentalgroup.com/fonts/Montserrat/montserrat-v14-latin-500.woff2]
[gardenadentalgroup.com/fonts/Montserrat/montserrat-v14-latin-500.woff]
[gardenadentalgroup.com/fonts/Montserrat/montserrat-v14-latin-500.ttf]
[gardenadentalgroup.com/fonts/Montserrat/montserrat-v14-latin-500.svg]
[gardenadentalgroup.com/fonts/Montserrat/montserrat-v14-latin-600.eot]
[gardenadentalgroup.com/fonts/Montserrat/montserrat-v14-latin-600d41d.eot]
[gardenadentalgroup.com/fonts/Montserrat/montserrat-v14-latin-600.woff2]
[gardenadentalgroup.com/fonts/Montserrat/montserrat-v14-latin-600.woff]
[gardenadentalgroup.com/fonts/Montserrat/montserrat-v14-latin-600.ttf]
[gardenadentalgroup.com/fonts/Montserrat/montserrat-v14-latin-600.svg]
[gardenadentalgroup.com/fonts/Montserrat/montserrat-v14-latin-700.eot]
[gardenadentalgroup.com/fonts/Montserrat/montserrat-v14-latin-700d41d.eot]
[gardenadentalgroup.com/fonts/Montserrat/montserrat-v14-latin-700.woff2]
[gardenadentalgroup.com/fonts/Montserrat/montserrat-v14-latin-700.woff]
[gardenadentalgroup.com/fonts/Montserrat/montserrat-v14-latin-700.ttf]
[gardenadentalgroup.com/fonts/Montserrat/montserrat-v14-latin-700.svg]
[gardenadentalgroup.com/images/program-svg.svg]
[gardenadentalgroup.com/images/call-bg.png]
[gardenadentalgroup.com/images/sprite-img.png]
[gardenadentalgroup.com/images/support-img.jpg]
[gardenadentalgroup.com/images/Artboard.jpg]
[gardenadentalgroup.com/images/referral_clinical_bg.jpg]
[gardenadentalgroup.com/images/family1.jpg]
[gardenadentalgroup.com/images/banner_img.jpg]
[gardenadentalgroup.com/images/bannet_shedow.png]
[gardenadentalgroup.com/images/bg_shap_rounded.png]
[gardenadentalgroup.com/images/quote_testimonial.png]
[gardenadentalgroup.com/images/testimonial_shap.png]
[gardenadentalgroup.com/images/left_arrow.png]
[gardenadentalgroup.com/images/right_arrow.png]
[gardenadentalgroup.com/images/lp_program_bg.jpg]
[gardenadentalgroup.com/images/lp_opinion_banner_bg.jpg]
[gardenadentalgroup.com/images/lp_help_bg.png]
[gardenadentalgroup.com/images/lp_main_banner_bg.png]
[gardenadentalgroup.com/images/check_arrow.png]
[gardenadentalgroup.com/images/form_shap.png]
[gardenadentalgroup.com/images/main_program_bg.png]
[gardenadentalgroup.com/images/accordian_left_img_bg.png]
[gardenadentalgroup.com/images/accordian_arrow.png]
[gardenadentalgroup.com/images/lp_main_banner_bg_responsive.png]
[gardenadentalgroup.com/lp-asset/applygrant.css]
[gardenadentalgroup.com/indexa8fe.html]
[gardenadentalgroup.com/the-essential-guide-to-regular-dental-check-ups-why-theyre-vital-for-your-oral-health/POST.html]
[gardenadentalgroup.com/indexaaca.html]
[gardenadentalgroup.com/straightening-your-smile-with-invisalign-the-clear-choice-in-gardena/POST.html]
[gardenadentalgroup.com/indexf294.html]
[gardenadentalgroup.com/the-surprising-connection-between-oral-health-and-overall-wellness/POST.html]
[gardenadentalgroup.com/index62bc.html]
[gardenadentalgroup.com/understanding-dental-fillings-types-procedures-and-care/POST.html]
[gardenadentalgroup.com/indexaa11.html]
[gardenadentalgroup.com/rediscover-comfort-and-functionality-with-dentures-at-gardena-dental-group/POST.html]
[gardenadentalgroup.com/indexd52c.html]
[gardenadentalgroup.com/revitalize-your-smile-with-full-arch-dental-implants-at-gardena-dental-group/POST.html]
[gardenadentalgroup.com/index197a.html]
[gardenadentalgroup.com/transform-your-smile-with-veneers-at-gardena-dental-group/POST.html]
[gardenadentalgroup.com/indexb1f0.html]
[gardenadentalgroup.com/your-lifeline-in-dental-crises-emergency-dentistry-at-gardena-dental-group/POST.html]
[gardenadentalgroup.com/indexe712.html]
[gardenadentalgroup.com/rediscover-your-smile-with-dental-implants-at-gardena-dental-group/POST.html]
[gardenadentalgroup.com/indexa26f.html]
[gardenadentalgroup.com/5-unbeatable-benefits-of-regular-dental-check-ups-at-gardena-dental-group/POST.html]
[gardenadentalgroup.com/fonts/Montserrat/montserrat-v14-latin-100.html]
[gardenadentalgroup.com/lp-asset/fonts/Montserrat/montserrat-v14-latin-100d41d.html]
[gardenadentalgroup.com/lp-asset/fonts/Montserrat/montserrat-v14-latin-100.html]
[gardenadentalgroup.com/lp-asset/fonts/Montserrat/montserrat-v14-latin-101.html]
[gardenadentalgroup.com/lp-asset/fonts/Montserrat/montserrat-v14-latin-102.html]
[gardenadentalgroup.com/lp-asset/fonts/Montserrat/montserrat-v14-latin-103.html]
[gardenadentalgroup.com/fonts/Montserrat/montserrat-v14-latin-200.html]
[gardenadentalgroup.com/fonts/Montserrat/montserrat-v14-latin-200d41d.html]
[gardenadentalgroup.com/fonts/Montserrat/montserrat-v14-latin-201.html]
[gardenadentalgroup.com/fonts/Montserrat/montserrat-v14-latin-202.html]
[gardenadentalgroup.com/lp-asset/fonts/Montserrat/montserrat-v14-latin-200.html]
[gardenadentalgroup.com/lp-asset/fonts/Montserrat/montserrat-v14-latin-201.html]
[gardenadentalgroup.com/fonts/Montserrat/montserrat-v14-latin-300.html]
[gardenadentalgroup.com/fonts/Montserrat/montserrat-v14-latin-300d41d.html]
[gardenadentalgroup.com/fonts/Montserrat/montserrat-v14-latin-301.html]
[gardenadentalgroup.com/fonts/Montserrat/montserrat-v14-latin-302.html]
[gardenadentalgroup.com/fonts/Montserrat/montserrat-v14-latin-303.html]
[gardenadentalgroup.com/fonts/Montserrat/montserrat-v14-latin-304.html]
[gardenadentalgroup.com/fonts/Montserrat/montserrat-v14-latin-regular.html]
[gardenadentalgroup.com/fonts/Montserrat/montserrat-v14-latin-regulard41d.html]
[gardenadentalgroup.com/fonts/Montserrat/montserrat-v14-latin-regular-2.html]
[gardenadentalgroup.com/fonts/Montserrat/montserrat-v14-latin-regular-3.html]
[gardenadentalgroup.com/fonts/Montserrat/montserrat-v14-latin-regular-4.html]
[gardenadentalgroup.com/fonts/Montserrat/montserrat-v14-latin-regular-5.html]
[gardenadentalgroup.com/fonts/Montserrat/montserrat-v14-latin-500.html]
[gardenadentalgroup.com/fonts/Montserrat/montserrat-v14-latin-500d41d.html]
[gardenadentalgroup.com/fonts/Montserrat/montserrat-v14-latin-501.html]
[gardenadentalgroup.com/fonts/Montserrat/montserrat-v14-latin-502.html]
[gardenadentalgroup.com/fonts/Montserrat/montserrat-v14-latin-503.html]
[gardenadentalgroup.com/fonts/Montserrat/montserrat-v14-latin-504.html]
[gardenadentalgroup.com/fonts/Montserrat/montserrat-v14-latin-600.html]
[gardenadentalgroup.com/fonts/Montserrat/montserrat-v14-latin-600d41d.html]
[gardenadentalgroup.com/fonts/Montserrat/montserrat-v14-latin-601.html]
[gardenadentalgroup.com/fonts/Montserrat/montserrat-v14-latin-602.html]
[gardenadentalgroup.com/fonts/Montserrat/montserrat-v14-latin-603.html]
[gardenadentalgroup.com/fonts/Montserrat/montserrat-v14-latin-604.html]
[gardenadentalgroup.com/fonts/Montserrat/montserrat-v14-latin-700.html]
[gardenadentalgroup.com/fonts/Montserrat/montserrat-v14-latin-700d41d.html]
[gardenadentalgroup.com/fonts/Montserrat/montserrat-v14-latin-701.html]
[gardenadentalgroup.com/fonts/Montserrat/montserrat-v14-latin-702.html]
[gardenadentalgroup.com/fonts/Montserrat/montserrat-v14-latin-703.html]
[gardenadentalgroup.com/fonts/Montserrat/montserrat-v14-latin-704.html]
[gardenadentalgroup.com/images/program-svg.html]
[gardenadentalgroup.com/images/call-bg.html]
[gardenadentalgroup.com/images/sprite-img.html]
[gardenadentalgroup.com/images/support-img.html]
[gardenadentalgroup.com/images/Artboard.html]
[gardenadentalgroup.com/images/referral_clinical_bg.html]
[gardenadentalgroup.com/images/family1.html]
[gardenadentalgroup.com/images/banner_img.html]
[gardenadentalgroup.com/images/bannet_shedow.html]
[gardenadentalgroup.com/images/bg_shap_rounded.html]
[gardenadentalgroup.com/images/quote_testimonial.html]
[gardenadentalgroup.com/images/testimonial_shap.html]
[gardenadentalgroup.com/images/left_arrow.html]
[gardenadentalgroup.com/images/right_arrow.html]
[gardenadentalgroup.com/images/lp_program_bg.html]
[gardenadentalgroup.com/images/lp_opinion_banner_bg.html]
[gardenadentalgroup.com/images/lp_help_bg.html]
[gardenadentalgroup.com/images/lp_main_banner_bg.html]
[gardenadentalgroup.com/images/check_arrow.html]
[gardenadentalgroup.com/images/form_shap.html]
[gardenadentalgroup.com/images/main_program_bg.html]
[gardenadentalgroup.com/images/accordian_left_img_bg.html]
[gardenadentalgroup.com/images/accordian_arrow.html]
[gardenadentalgroup.com/images/lp_main_banner_bg_responsive.html]
